***********************************************************************************************
***                                                                                         ***
***                                    LINK INFORMATION                                     ***
***                                                                                         ***
***********************************************************************************************

Linker version:

  SEGGER ARM Linker 4.44.2 compiled Apr 14 2025 15:08:43
  Copyright (c) 2017-2024 SEGGER Microcontroller GmbH    www.segger.com


***********************************************************************************************
***                                                                                         ***
***                                     MODULE SUMMARY                                      ***
***                                                                                         ***
***********************************************************************************************

Memory use by input file:

  Object File                                       RX Code     RO Data     RW Data     ZI Data
  ---------------------------------------------  ----------  ----------  ----------  ----------
  main.o                                              1 560          11                     135
  random.o                                              108                                    
  SEGGER_THUMB_Startup.o                                 20                                    
  STM32L432KC_FLASH.o                                    32                                    
  STM32L432KC_GPIO.o                                    500                                    
  STM32L432KC_RCC.o                                     160                                    
  STM32L432KC_SPI.o                                     496                                    
  STM32L432KC_TIM.o                                     168                                    
  STM32L432KC_USART.o                                   360                                    
  stm32l432xx_Vectors.o                                 532                                    
  STM32L4xx_Startup.o                                    64                                    
  system_stm32l4xx.o                                    428          64           4            
  ---------------------------------------------  ----------  ----------  ----------  ----------
  Subtotal (12 objects)                               4 428          75           4         135
  ---------------------------------------------  ----------  ----------  ----------  ----------
  libc_v7em_fpv4_sp_d16_hard_t_le_eabi_balanced.a
                                                        658                                    
  prinops_rtt_v7em_fpv4_sp_d16_hard_t_le_eabi_balanced.a
                                                        482          26          12       1 220
  SEGGER_crtinit_v7em_fpv4_sp_d16_hard_t_le_eabi_balanced.a
                                                         74                                    
  strops_unaligned_v7em_fpv4_sp_d16_hard_t_le_eabi_balanced.a
                                                        134                                    
  ---------------------------------------------  ----------  ----------  ----------  ----------
  Subtotal (4 archives)                               1 348          26          12       1 220
  ---------------------------------------------  ----------  ----------  ----------  ----------
  Linker created (shared data, fills, blocks):                       52                   2 048
  =============================================  ==========  ==========  ==========  ==========
  Total:                                              5 776         153          16       3 403
  =============================================  ==========  ==========  ==========  ==========

Memory use by archive member:

  Archive member                                    RX Code     RO Data     RW Data     ZI Data
  ---------------------------------------------  ----------  ----------  ----------  ----------
  fileops.o (libc_v7em_fpv4_sp_d16_hard_t_le_eabi_balanced.a)
                                                        142                                    
  floatasmops_arm.o (libc_v7em_fpv4_sp_d16_hard_t_le_eabi_balanced.a)
                                                        516                                    
  prinops_rtt.o (prinops_rtt_v7em_fpv4_sp_d16_hard_t_le_eabi_balanced.a)
                                                         62                      12          12
  SEGGER_crtinit.o (SEGGER_crtinit_v7em_fpv4_sp_d16_hard_t_le_eabi_balanced.a)
                                                         74                                    
  SEGGER_RTT.o (prinops_rtt_v7em_fpv4_sp_d16_hard_t_le_eabi_balanced.a)
                                                        420          26                   1 208
  strasmops_arm.o (strops_unaligned_v7em_fpv4_sp_d16_hard_t_le_eabi_balanced.a)
                                                         92                                    
  strops.o (strops_unaligned_v7em_fpv4_sp_d16_hard_t_le_eabi_balanced.a)
                                                         42                                    
  ---------------------------------------------  ----------  ----------  ----------  ----------
  Subtotal (7 members from 4 archives)                1 348          26          12       1 220
  Objects (12 files)                                  4 428          75           4         135
  Linker created (shared data, fills, blocks):                       52                   2 048
  =============================================  ==========  ==========  ==========  ==========
  Total:                                              5 776         153          16       3 403
  =============================================  ==========  ==========  ==========  ==========

Memory use by linker:

  Description                                       RX Code     RO Data     RW Data     ZI Data
  ---------------------------------------------  ----------  ----------  ----------  ----------
  Initialization table                                               52                        
  Memory for block 'stack'                                                                2 048
  ---------------------------------------------  ----------  ----------  ----------  ----------
  Subtotal (linker created):                                         52                   2 048
  ---------------------------------------------  ----------  ----------  ----------  ----------
  Objects (12 files)                                  4 428          75           4         135
  Archives (4 files)                                  1 348          26          12       1 220
  =============================================  ==========  ==========  ==========  ==========
  Total:                                              5 776         153          16       3 403
  =============================================  ==========  ==========  ==========  ==========


***********************************************************************************************
***                                                                                         ***
***                                     SECTION DETAIL                                      ***
***                                                                                         ***
***********************************************************************************************

Sections by address:

  Range              Symbol or [section] Name         Size  Al  Init  Ac  Object File
  -----------------  -------------------------  ----------  --  ----  --  -----------
  08000000-0800018b  _vectors                          396  512
                                                                Code  RX  stm32l432xx_Vectors.o
  0800018c-0800019b  AHBPrescTable                      16   4  Cnst  RO  system_stm32l4xx.o
  0800019c-080001cb  MSIRangeTable                      48   4  Cnst  RO  system_stm32l4xx.o
  080001cc-08000223  SystemInit                         88   4  Code  RX  system_stm32l4xx.o
  08000224-08000377  SystemCoreClockUpdate             340   4  Code  RX  system_stm32l4xx.o
  08000378-08000677  decode_scancode                   768   4  Code  RX  main.o
  08000678-080007cb  keyboard_update_state             340   4  Code  RX  main.o
  080007cc-080007fb  keyboard_get_key_state             48   4  Code  RX  main.o
  080007fc-080008c3  scanKeyboard                      200   4  Code  RX  main.o
  080008c4-0800098f  main                              204   4  Code  RX  main.o
  08000990-080009eb  initRandomGenerator                92   4  Code  RX  random.o
  080009ec-080009fb  getRandomNumber                    16   4  Code  RX  random.o
  080009fc-08000a1b  configureFlash                     32   4  Code  RX  STM32L432KC_FLASH.o
  08000a1c-08000a6f  gpioEnable                         84   4  Code  RX  STM32L432KC_GPIO.o
  08000a70-08000ab7  gpioPortToBase                     72   4  Code  RX  STM32L432KC_GPIO.o
  08000ab8-08000b7f  pinMode                           200   4  Code  RX  STM32L432KC_GPIO.o
  08000b80-08000bf3  configurePLL                      116   4  Code  RX  STM32L432KC_RCC.o
  08000bf4-08000c1f  configureClock                     44   4  Code  RX  STM32L432KC_RCC.o
  08000c20-08000ce7  initSPI                           200   4  Code  RX  STM32L432KC_SPI.o
  08000ce8-08000d33  spiSendReceive                     76   4  Code  RX  STM32L432KC_SPI.o
  08000d34-08000df3  configureSPIPins                  192   4  Code  RX  STM32L432KC_SPI.o
  08000df4-08000e4f  initTIM                            92   4  Code  RX  STM32L432KC_TIM.o
  08000e50-08000e83  id2Port                            52   4  Code  RX  STM32L432KC_USART.o
  08000e84-08000f9f  initUSART                         284   4  Code  RX  STM32L432KC_USART.o
  08000fa0-08000fb3  _start                             20   4  Code  RX  SEGGER_THUMB_Startup.o
  08000fb4-08000fdb  HardFault_Handler                  40   4  Code  RX  STM32L4xx_Startup.o
  08000fdc-0800119f  __aeabi_ddiv                      452   4  Code  RX  floatasmops_arm.o (libc_v7em_fpv4_sp_d16_hard_t_le_eabi_balanced.a)
  080011a0-080011c3  __aeabi_d2uiz                      36   4  Code  RX  floatasmops_arm.o (libc_v7em_fpv4_sp_d16_hard_t_le_eabi_balanced.a)
  080011c4-080011df  __aeabi_ui2d                       28   4  Code  RX  floatasmops_arm.o (libc_v7em_fpv4_sp_d16_hard_t_le_eabi_balanced.a)
  080011e0-0800123b  memcpy                             92   4  Code  RX  strasmops_arm.o (strops_unaligned_v7em_fpv4_sp_d16_hard_t_le_eabi_balanced.a)
  0800123c-08001246  [.rodata]                          11   4  Cnst  RO  main.o
  08001247-08001257  _DoInit._aInitStr                  17   1  Cnst  RO  SEGGER_RTT.o (prinops_rtt_v7em_fpv4_sp_d16_hard_t_le_eabi_balanced.a)
  08001258-08001265  gpioPinToPort                      14   2  Code  RX  STM32L432KC_GPIO.o
  08001266-08001283  gpioPinToBase                      30   2  Code  RX  STM32L432KC_GPIO.o
  08001284-08001291  enable_cs                          14   2  Code  RX  STM32L432KC_SPI.o
  08001292-0800129f  disable_cs                         14   2  Code  RX  STM32L432KC_SPI.o
  080012a0-080012a1  NMI_Handler                         2   2  Code  RX  stm32l432xx_Vectors.o
  080012a2-080012a3  MemManage_Handler                   2   2  Code  RX  stm32l432xx_Vectors.o
  080012a4-080012a5  BusFault_Handler                    2   2  Code  RX  stm32l432xx_Vectors.o
  080012a6-080012a7  UsageFault_Handler                  2   2  Code  RX  stm32l432xx_Vectors.o
  080012a8-080012a9  SVC_Handler                         2   2  Code  RX  stm32l432xx_Vectors.o
  080012aa-080012ab  DebugMon_Handler                    2   2  Code  RX  stm32l432xx_Vectors.o
  080012ac-080012ad  PendSV_Handler                      2   2  Code  RX  stm32l432xx_Vectors.o
  080012ae-080012af  SysTick_Handler                     2   2  Code  RX  stm32l432xx_Vectors.o
  080012b0-080012b1  WWDG_IRQHandler                     2   2  Code  RX  stm32l432xx_Vectors.o
  080012b2-080012b3  PVD_PVM_IRQHandler                  2   2  Code  RX  stm32l432xx_Vectors.o
  080012b4-080012b5  TAMP_STAMP_IRQHandler               2   2  Code  RX  stm32l432xx_Vectors.o
  080012b6-080012b7  RTC_WKUP_IRQHandler                 2   2  Code  RX  stm32l432xx_Vectors.o
  080012b8-080012b9  FLASH_IRQHandler                    2   2  Code  RX  stm32l432xx_Vectors.o
  080012ba-080012bb  RCC_IRQHandler                      2   2  Code  RX  stm32l432xx_Vectors.o
  080012bc-080012bd  EXTI0_IRQHandler                    2   2  Code  RX  stm32l432xx_Vectors.o
  080012be-080012bf  EXTI1_IRQHandler                    2   2  Code  RX  stm32l432xx_Vectors.o
  080012c0-080012c1  EXTI2_IRQHandler                    2   2  Code  RX  stm32l432xx_Vectors.o
  080012c2-080012c3  EXTI3_IRQHandler                    2   2  Code  RX  stm32l432xx_Vectors.o
  080012c4-080012c5  EXTI4_IRQHandler                    2   2  Code  RX  stm32l432xx_Vectors.o
  080012c6-080012c7  DMA1_Channel1_IRQHandler            2   2  Code  RX  stm32l432xx_Vectors.o
  080012c8-080012c9  DMA1_Channel2_IRQHandler            2   2  Code  RX  stm32l432xx_Vectors.o
  080012ca-080012cb  DMA1_Channel3_IRQHandler            2   2  Code  RX  stm32l432xx_Vectors.o
  080012cc-080012cd  DMA1_Channel4_IRQHandler            2   2  Code  RX  stm32l432xx_Vectors.o
  080012ce-080012cf  DMA1_Channel5_IRQHandler            2   2  Code  RX  stm32l432xx_Vectors.o
  080012d0-080012d1  DMA1_Channel6_IRQHandler            2   2  Code  RX  stm32l432xx_Vectors.o
  080012d2-080012d3  DMA1_Channel7_IRQHandler            2   2  Code  RX  stm32l432xx_Vectors.o
  080012d4-080012d5  ADC1_IRQHandler                     2   2  Code  RX  stm32l432xx_Vectors.o
  080012d6-080012d7  CAN1_TX_IRQHandler                  2   2  Code  RX  stm32l432xx_Vectors.o
  080012d8-080012d9  CAN1_RX0_IRQHandler                 2   2  Code  RX  stm32l432xx_Vectors.o
  080012da-080012db  CAN1_RX1_IRQHandler                 2   2  Code  RX  stm32l432xx_Vectors.o
  080012dc-080012dd  CAN1_SCE_IRQHandler                 2   2  Code  RX  stm32l432xx_Vectors.o
  080012de-080012df  EXTI9_5_IRQHandler                  2   2  Code  RX  stm32l432xx_Vectors.o
  080012e0-080012e1  TIM1_BRK_TIM15_IRQHandler           2   2  Code  RX  stm32l432xx_Vectors.o
  080012e2-080012e3  TIM1_UP_TIM16_IRQHandler            2   2  Code  RX  stm32l432xx_Vectors.o
  080012e4-080012e5  TIM1_TRG_COM_IRQHandler             2   2  Code  RX  stm32l432xx_Vectors.o
  080012e6-080012e7  TIM1_CC_IRQHandler                  2   2  Code  RX  stm32l432xx_Vectors.o
  080012e8-080012e9  TIM2_IRQHandler                     2   2  Code  RX  stm32l432xx_Vectors.o
  080012ea-080012eb  I2C1_EV_IRQHandler                  2   2  Code  RX  stm32l432xx_Vectors.o
  080012ec-080012ed  I2C1_ER_IRQHandler                  2   2  Code  RX  stm32l432xx_Vectors.o
  080012ee-080012ef  SPI1_IRQHandler                     2   2  Code  RX  stm32l432xx_Vectors.o
  080012f0-080012f1  USART1_IRQHandler                   2   2  Code  RX  stm32l432xx_Vectors.o
  080012f2-080012f3  USART2_IRQHandler                   2   2  Code  RX  stm32l432xx_Vectors.o
  080012f4-080012f5  EXTI15_10_IRQHandler                2   2  Code  RX  stm32l432xx_Vectors.o
  080012f6-080012f7  RTC_Alarm_IRQHandler                2   2  Code  RX  stm32l432xx_Vectors.o
  080012f8-080012f9  SPI3_IRQHandler                     2   2  Code  RX  stm32l432xx_Vectors.o
  080012fa-080012fb  TIM6_DAC_IRQHandler                 2   2  Code  RX  stm32l432xx_Vectors.o
  080012fc-080012fd  TIM7_IRQHandler                     2   2  Code  RX  stm32l432xx_Vectors.o
  080012fe-080012ff  DMA2_Channel1_IRQHandler            2   2  Code  RX  stm32l432xx_Vectors.o
  08001300-08001301  DMA2_Channel2_IRQHandler            2   2  Code  RX  stm32l432xx_Vectors.o
  08001302-08001303  DMA2_Channel3_IRQHandler            2   2  Code  RX  stm32l432xx_Vectors.o
  08001304-08001305  DMA2_Channel4_IRQHandler            2   2  Code  RX  stm32l432xx_Vectors.o
  08001306-08001307  DMA2_Channel5_IRQHandler            2   2  Code  RX  stm32l432xx_Vectors.o
  08001308-08001309  COMP_IRQHandler                     2   2  Code  RX  stm32l432xx_Vectors.o
  0800130a-0800130b  LPTIM1_IRQHandler                   2   2  Code  RX  stm32l432xx_Vectors.o
  0800130c-0800130d  LPTIM2_IRQHandler                   2   2  Code  RX  stm32l432xx_Vectors.o
  0800130e-0800130f  USB_IRQHandler                      2   2  Code  RX  stm32l432xx_Vectors.o
  08001310-08001311  DMA2_Channel6_IRQHandler            2   2  Code  RX  stm32l432xx_Vectors.o
  08001312-08001313  DMA2_Channel7_IRQHandler            2   2  Code  RX  stm32l432xx_Vectors.o
  08001314-08001315  LPUART1_IRQHandler                  2   2  Code  RX  stm32l432xx_Vectors.o
  08001316-08001317  QUADSPI_IRQHandler                  2   2  Code  RX  stm32l432xx_Vectors.o
  08001318-08001319  I2C3_EV_IRQHandler                  2   2  Code  RX  stm32l432xx_Vectors.o
  0800131a-0800131b  I2C3_ER_IRQHandler                  2   2  Code  RX  stm32l432xx_Vectors.o
  0800131c-0800131d  SAI1_IRQHandler                     2   2  Code  RX  stm32l432xx_Vectors.o
  0800131e-0800131f  SWPMI1_IRQHandler                   2   2  Code  RX  stm32l432xx_Vectors.o
  08001320-08001321  TSC_IRQHandler                      2   2  Code  RX  stm32l432xx_Vectors.o
  08001322-08001323  RNG_IRQHandler                      2   2  Code  RX  stm32l432xx_Vectors.o
  08001324-08001325  FPU_IRQHandler                      2   2  Code  RX  stm32l432xx_Vectors.o
  08001326-08001327  CRS_IRQHandler                      2   2  Code  RX  stm32l432xx_Vectors.o
  08001328-08001335  putchar                            14   2  Code  RX  fileops.o (libc_v7em_fpv4_sp_d16_hard_t_le_eabi_balanced.a)
  08001336-08001357  fputc                              34   2  Code  RX  fileops.o (libc_v7em_fpv4_sp_d16_hard_t_le_eabi_balanced.a)
  08001358-08001385  fwrite                             46   2  Code  RX  fileops.o (libc_v7em_fpv4_sp_d16_hard_t_le_eabi_balanced.a)
  08001386-0800138b  __SEGGER_RTL_X_file_write           6   2  Code  RX  prinops_rtt.o (prinops_rtt_v7em_fpv4_sp_d16_hard_t_le_eabi_balanced.a)
  0800138c-080013a1  _GetAvailWriteSpace                22   2  Code  RX  SEGGER_RTT.o (prinops_rtt_v7em_fpv4_sp_d16_hard_t_le_eabi_balanced.a)
  080013a2-080013f7  _WriteBlocking                     86   2  Code  RX  SEGGER_RTT.o (prinops_rtt_v7em_fpv4_sp_d16_hard_t_le_eabi_balanced.a)
  080013f8-08001451  SEGGER_RTT_WriteNoLock             90   2  Code  RX  SEGGER_RTT.o (prinops_rtt_v7em_fpv4_sp_d16_hard_t_le_eabi_balanced.a)
  08001452-08001487  SEGGER_RTT_Write                   54   2  Code  RX  SEGGER_RTT.o (prinops_rtt_v7em_fpv4_sp_d16_hard_t_le_eabi_balanced.a)
  08001488-080014b1  strlen                             42   2  Code  RX  strops.o (strops_unaligned_v7em_fpv4_sp_d16_hard_t_le_eabi_balanced.a)
  080014b2-080014c1  gpioPinOffset                      16   2  Code  RX  STM32L432KC_GPIO.o
  080014c2-08001515  digitalWrite                       84   2  Code  RX  STM32L432KC_GPIO.o
  08001516-08001545  begin_timer                        48   2  Code  RX  STM32L432KC_TIM.o
  08001546-08001561  check_timer                        28   2  Code  RX  STM32L432KC_TIM.o
  08001562-08001579  readChar                           24   2  Code  RX  STM32L432KC_USART.o
  0800157a-08001591  reset_handler                      24   2  Code  RX  STM32L4xx_Startup.o
  08001592-080015c1  puts                               48   2  Code  RX  fileops.o (libc_v7em_fpv4_sp_d16_hard_t_le_eabi_balanced.a)
  080015c2-080015f9  __SEGGER_RTL_X_file_stat           56   2  Code  RX  prinops_rtt.o (prinops_rtt_v7em_fpv4_sp_d16_hard_t_le_eabi_balanced.a)
  080015fa-0800165d  _DoInit                           100   2  Code  RX  SEGGER_RTT.o (prinops_rtt_v7em_fpv4_sp_d16_hard_t_le_eabi_balanced.a)
  0800165e-080016a1  _WriteNoCheck                      68   2  Code  RX  SEGGER_RTT.o (prinops_rtt_v7em_fpv4_sp_d16_hard_t_le_eabi_balanced.a)
  080016a2-080016aa  [.rodata.libc..L.str]               9   1  Cnst  RO  SEGGER_RTT.o (prinops_rtt_v7em_fpv4_sp_d16_hard_t_le_eabi_balanced.a)
  080016ab-080016ab  ( UNUSED .=.+1 )                    1   -  ----  -   -
  080016ac-080016af  [.init_array]                       4   4  ----  --  STM32L4xx_Startup.o
  080016b0-080016d3  __SEGGER_init_ctors                36   4  Code  RX  SEGGER_crtinit.o (SEGGER_crtinit_v7em_fpv4_sp_d16_hard_t_le_eabi_balanced.a)
  080016d4-080016f7  __SEGGER_init_table__              36   4  Cnst  RO  [ Linker created ]
  080016f8-08001707  __SEGGER_init_data__               16   4  Cnst  RO  [ Linker created ]
  08001708-08001719  __SEGGER_init_zero                 18   2  Code  RX  SEGGER_crtinit.o (SEGGER_crtinit_v7em_fpv4_sp_d16_hard_t_le_eabi_balanced.a)
  0800171a-0800172d  __SEGGER_init_copy                 20   2  Code  RX  SEGGER_crtinit.o (SEGGER_crtinit_v7em_fpv4_sp_d16_hard_t_le_eabi_balanced.a)
  0800172e-0fffffff  ( UNUSED .=.+134211794 )   134 211 794
                                                             -  ----  -   -
  10000000-100000a7  _SEGGER_RTT                       168   4  Zero  ZI  SEGGER_RTT.o (prinops_rtt_v7em_fpv4_sp_d16_hard_t_le_eabi_balanced.a)
  100000a8-10000127  g_keyboard_state                  128   4  Zero  ZI  main.o
  10000128-1000012b  __SEGGER_RTL_stdout_file            4   4  Zero  ZI  prinops_rtt.o (prinops_rtt_v7em_fpv4_sp_d16_hard_t_le_eabi_balanced.a)
  1000012c-1000012f  __SEGGER_RTL_stdin_file             4   4  Zero  ZI  prinops_rtt.o (prinops_rtt_v7em_fpv4_sp_d16_hard_t_le_eabi_balanced.a)
  10000130-10000133  __SEGGER_RTL_stderr_file            4   4  Zero  ZI  prinops_rtt.o (prinops_rtt_v7em_fpv4_sp_d16_hard_t_le_eabi_balanced.a)
  10000134-10000137  USART                               4   4  Zero  ZI  main.o
  10000138-1000013a  request                             3   4  Zero  ZI  main.o
  1000013b-1000053a  _acUpBuffer                     1 024   1  Zero  ZI  SEGGER_RTT.o (prinops_rtt_v7em_fpv4_sp_d16_hard_t_le_eabi_balanced.a)
  1000053b-1000054a  _acDownBuffer                      16   1  Zero  ZI  SEGGER_RTT.o (prinops_rtt_v7em_fpv4_sp_d16_hard_t_le_eabi_balanced.a)
  1000054b-1000054b  ( UNUSED .=.+1 )                    1   -  ----  -   -
  1000054c-1000054f  stdout                              4   4  Init  RW  prinops_rtt.o (prinops_rtt_v7em_fpv4_sp_d16_hard_t_le_eabi_balanced.a)
  10000550-10000553  stdin                               4   4  Init  RW  prinops_rtt.o (prinops_rtt_v7em_fpv4_sp_d16_hard_t_le_eabi_balanced.a)
  10000554-10000557  stderr                              4   4  Init  RW  prinops_rtt.o (prinops_rtt_v7em_fpv4_sp_d16_hard_t_le_eabi_balanced.a)
  10000558-1000055b  SystemCoreClock                     4   4  Init  RW  system_stm32l4xx.o
  1000055c-2000b7ff  ( UNUSED .=.+268481188 )   268 481 188
                                                             -  ----  -   -
  2000b800-2000bfff  [.bss.block.stack]              2 048   8  None  ZI  [ Linker created ]


***********************************************************************************************
***                                                                                         ***
***                                       SYMBOL LIST                                       ***
***                                                                                         ***
***********************************************************************************************

Function symbols by name:

  Symbol name                   Address        Size  Align  Type  Bd  Object File
  -------------------------  ----------  ----------  -----  ----  --  -----------
  ADC1_IRQHandler            0x080012D5                  2  Code  Wk  stm32l432xx_Vectors.o
  BusFault_Handler           0x080012A5                  2  Code  Wk  stm32l432xx_Vectors.o
  CAN1_RX0_IRQHandler        0x080012D9                  2  Code  Wk  stm32l432xx_Vectors.o
  CAN1_RX1_IRQHandler        0x080012DB                  2  Code  Wk  stm32l432xx_Vectors.o
  CAN1_SCE_IRQHandler        0x080012DD                  2  Code  Wk  stm32l432xx_Vectors.o
  CAN1_TX_IRQHandler         0x080012D7                  2  Code  Wk  stm32l432xx_Vectors.o
  COMP_IRQHandler            0x08001309                  2  Code  Wk  stm32l432xx_Vectors.o
  CRS_IRQHandler             0x08001327                  2  Code  Wk  stm32l432xx_Vectors.o
  DMA1_Channel1_IRQHandler   0x080012C7                  2  Code  Wk  stm32l432xx_Vectors.o
  DMA1_Channel2_IRQHandler   0x080012C9                  2  Code  Wk  stm32l432xx_Vectors.o
  DMA1_Channel3_IRQHandler   0x080012CB                  2  Code  Wk  stm32l432xx_Vectors.o
  DMA1_Channel4_IRQHandler   0x080012CD                  2  Code  Wk  stm32l432xx_Vectors.o
  DMA1_Channel5_IRQHandler   0x080012CF                  2  Code  Wk  stm32l432xx_Vectors.o
  DMA1_Channel6_IRQHandler   0x080012D1                  2  Code  Wk  stm32l432xx_Vectors.o
  DMA1_Channel7_IRQHandler   0x080012D3                  2  Code  Wk  stm32l432xx_Vectors.o
  DMA2_Channel1_IRQHandler   0x080012FF                  2  Code  Wk  stm32l432xx_Vectors.o
  DMA2_Channel2_IRQHandler   0x08001301                  2  Code  Wk  stm32l432xx_Vectors.o
  DMA2_Channel3_IRQHandler   0x08001303                  2  Code  Wk  stm32l432xx_Vectors.o
  DMA2_Channel4_IRQHandler   0x08001305                  2  Code  Wk  stm32l432xx_Vectors.o
  DMA2_Channel5_IRQHandler   0x08001307                  2  Code  Wk  stm32l432xx_Vectors.o
  DMA2_Channel6_IRQHandler   0x08001311                  2  Code  Wk  stm32l432xx_Vectors.o
  DMA2_Channel7_IRQHandler   0x08001313                  2  Code  Wk  stm32l432xx_Vectors.o
  DebugMon_Handler           0x080012AB                  2  Code  Wk  stm32l432xx_Vectors.o
  EXTI0_IRQHandler           0x080012BD                  2  Code  Wk  stm32l432xx_Vectors.o
  EXTI15_10_IRQHandler       0x080012F5                  2  Code  Wk  stm32l432xx_Vectors.o
  EXTI1_IRQHandler           0x080012BF                  2  Code  Wk  stm32l432xx_Vectors.o
  EXTI2_IRQHandler           0x080012C1                  2  Code  Wk  stm32l432xx_Vectors.o
  EXTI3_IRQHandler           0x080012C3                  2  Code  Wk  stm32l432xx_Vectors.o
  EXTI4_IRQHandler           0x080012C5                  2  Code  Wk  stm32l432xx_Vectors.o
  EXTI9_5_IRQHandler         0x080012DF                  2  Code  Wk  stm32l432xx_Vectors.o
  FLASH_IRQHandler           0x080012B9                  2  Code  Wk  stm32l432xx_Vectors.o
  FPU_IRQHandler             0x08001325                  2  Code  Wk  stm32l432xx_Vectors.o
  HardFault_Handler          0x08000FB5                  4  Code  Wk  STM32L4xx_Startup.o
  I2C1_ER_IRQHandler         0x080012ED                  2  Code  Wk  stm32l432xx_Vectors.o
  I2C1_EV_IRQHandler         0x080012EB                  2  Code  Wk  stm32l432xx_Vectors.o
  I2C3_ER_IRQHandler         0x0800131B                  2  Code  Wk  stm32l432xx_Vectors.o
  I2C3_EV_IRQHandler         0x08001319                  2  Code  Wk  stm32l432xx_Vectors.o
  LPTIM1_IRQHandler          0x0800130B                  2  Code  Wk  stm32l432xx_Vectors.o
  LPTIM2_IRQHandler          0x0800130D                  2  Code  Wk  stm32l432xx_Vectors.o
  LPUART1_IRQHandler         0x08001315                  2  Code  Wk  stm32l432xx_Vectors.o
  MemManage_Handler          0x080012A3                  2  Code  Wk  stm32l432xx_Vectors.o
  NMI_Handler                0x080012A1                  2  Code  Wk  stm32l432xx_Vectors.o
  PVD_PVM_IRQHandler         0x080012B3                  2  Code  Wk  stm32l432xx_Vectors.o
  PendSV_Handler             0x080012AD                  2  Code  Wk  stm32l432xx_Vectors.o
  QUADSPI_IRQHandler         0x08001317                  2  Code  Wk  stm32l432xx_Vectors.o
  RCC_IRQHandler             0x080012BB                  2  Code  Wk  stm32l432xx_Vectors.o
  RNG_IRQHandler             0x08001323                  2  Code  Wk  stm32l432xx_Vectors.o
  RTC_Alarm_IRQHandler       0x080012F7                  2  Code  Wk  stm32l432xx_Vectors.o
  RTC_WKUP_IRQHandler        0x080012B7                  2  Code  Wk  stm32l432xx_Vectors.o
  Reset_Handler              0x0800157B                  2  Code  Gb  STM32L4xx_Startup.o
  SAI1_IRQHandler            0x0800131D                  2  Code  Wk  stm32l432xx_Vectors.o
  SEGGER_RTT_Write           0x08001453          54      2  Code  Gb  SEGGER_RTT.o (prinops_rtt_v7em_fpv4_sp_d16_hard_t_le_eabi_balanced.a)
  SEGGER_RTT_WriteNoLock     0x080013F9          90      2  Code  Gb  SEGGER_RTT.o (prinops_rtt_v7em_fpv4_sp_d16_hard_t_le_eabi_balanced.a)
  SPI1_IRQHandler            0x080012EF                  2  Code  Wk  stm32l432xx_Vectors.o
  SPI3_IRQHandler            0x080012F9                  2  Code  Wk  stm32l432xx_Vectors.o
  SVC_Handler                0x080012A9                  2  Code  Wk  stm32l432xx_Vectors.o
  SWPMI1_IRQHandler          0x0800131F                  2  Code  Wk  stm32l432xx_Vectors.o
  SysTick_Handler            0x080012AF                  2  Code  Wk  stm32l432xx_Vectors.o
  SystemCoreClockUpdate      0x08000225         340      4  Code  Gb  system_stm32l4xx.o
  SystemInit                 0x080001CD          88      4  Code  Gb  system_stm32l4xx.o
  TAMP_STAMP_IRQHandler      0x080012B5                  2  Code  Wk  stm32l432xx_Vectors.o
  TIM1_BRK_TIM15_IRQHandler  0x080012E1                  2  Code  Wk  stm32l432xx_Vectors.o
  TIM1_CC_IRQHandler         0x080012E7                  2  Code  Wk  stm32l432xx_Vectors.o
  TIM1_TRG_COM_IRQHandler    0x080012E5                  2  Code  Wk  stm32l432xx_Vectors.o
  TIM1_UP_TIM16_IRQHandler   0x080012E3                  2  Code  Wk  stm32l432xx_Vectors.o
  TIM2_IRQHandler            0x080012E9                  2  Code  Wk  stm32l432xx_Vectors.o
  TIM6_DAC_IRQHandler        0x080012FB                  2  Code  Wk  stm32l432xx_Vectors.o
  TIM7_IRQHandler            0x080012FD                  2  Code  Wk  stm32l432xx_Vectors.o
  TSC_IRQHandler             0x08001321                  2  Code  Wk  stm32l432xx_Vectors.o
  USART1_IRQHandler          0x080012F1                  2  Code  Wk  stm32l432xx_Vectors.o
  USART2_IRQHandler          0x080012F3                  2  Code  Wk  stm32l432xx_Vectors.o
  USB_IRQHandler             0x0800130F                  2  Code  Wk  stm32l432xx_Vectors.o
  UsageFault_Handler         0x080012A7                  2  Code  Wk  stm32l432xx_Vectors.o
  WWDG_IRQHandler            0x080012B1                  2  Code  Wk  stm32l432xx_Vectors.o
  _DoInit                    0x080015FB         100      2  Code  Lc  SEGGER_RTT.o (prinops_rtt_v7em_fpv4_sp_d16_hard_t_le_eabi_balanced.a)
  _GetAvailWriteSpace        0x0800138D          22      2  Code  Lc  SEGGER_RTT.o (prinops_rtt_v7em_fpv4_sp_d16_hard_t_le_eabi_balanced.a)
  _WriteBlocking             0x080013A3          86      2  Code  Lc  SEGGER_RTT.o (prinops_rtt_v7em_fpv4_sp_d16_hard_t_le_eabi_balanced.a)
  _WriteNoCheck              0x0800165F          68      2  Code  Lc  SEGGER_RTT.o (prinops_rtt_v7em_fpv4_sp_d16_hard_t_le_eabi_balanced.a)
  __SEGGER_RTL_X_file_stat   0x080015C3          56      2  Code  Gb  prinops_rtt.o (prinops_rtt_v7em_fpv4_sp_d16_hard_t_le_eabi_balanced.a)
  __SEGGER_RTL_X_file_write  0x08001387           6      2  Code  Gb  prinops_rtt.o (prinops_rtt_v7em_fpv4_sp_d16_hard_t_le_eabi_balanced.a)
  __SEGGER_init_copy         0x0800171B          20      2  Code  Wk  SEGGER_crtinit.o (SEGGER_crtinit_v7em_fpv4_sp_d16_hard_t_le_eabi_balanced.a)
  __SEGGER_init_ctors        0x080016B1          26      4  Code  Wk  SEGGER_crtinit.o (SEGGER_crtinit_v7em_fpv4_sp_d16_hard_t_le_eabi_balanced.a)
  __SEGGER_init_done         0x08000FAB                  4  Code  Gb  SEGGER_THUMB_Startup.o
  __SEGGER_init_zero         0x08001709          18      2  Code  Wk  SEGGER_crtinit.o (SEGGER_crtinit_v7em_fpv4_sp_d16_hard_t_le_eabi_balanced.a)
  __aeabi_d2uiz              0x080011A1          36      4  Code  Wk  floatasmops_arm.o (libc_v7em_fpv4_sp_d16_hard_t_le_eabi_balanced.a)
  __aeabi_ddiv               0x08000FDD         450      4  Code  Wk  floatasmops_arm.o (libc_v7em_fpv4_sp_d16_hard_t_le_eabi_balanced.a)
  __aeabi_memcpy             0x080011E1                  4  Code  Wk  strasmops_arm.o (strops_unaligned_v7em_fpv4_sp_d16_hard_t_le_eabi_balanced.a)
  __aeabi_memcpy4            0x080011FF                  4  Code  Wk  strasmops_arm.o (strops_unaligned_v7em_fpv4_sp_d16_hard_t_le_eabi_balanced.a)
  __aeabi_memcpy8            0x080011FF                  4  Code  Wk  strasmops_arm.o (strops_unaligned_v7em_fpv4_sp_d16_hard_t_le_eabi_balanced.a)
  __aeabi_ui2d               0x080011C5          28      4  Code  Wk  floatasmops_arm.o (libc_v7em_fpv4_sp_d16_hard_t_le_eabi_balanced.a)
  __startup_complete         0x08000FAB                  4  Code  Gb  SEGGER_THUMB_Startup.o
  _start                     0x08000FA1          14      4  Code  Gb  SEGGER_THUMB_Startup.o
  begin_timer                0x08001517          48      2  Code  Gb  STM32L432KC_TIM.o
  check_timer                0x08001547          28      2  Code  Gb  STM32L432KC_TIM.o
  configureClock             0x08000BF5          44      4  Code  Gb  STM32L432KC_RCC.o
  configureFlash             0x080009FD          32      4  Code  Gb  STM32L432KC_FLASH.o
  configurePLL               0x08000B81         116      4  Code  Gb  STM32L432KC_RCC.o
  configureSPIPins           0x08000D35         192      4  Code  Gb  STM32L432KC_SPI.o
  decode_scancode            0x08000379         768      4  Code  Lc  main.o
  digitalWrite               0x080014C3          84      2  Code  Gb  STM32L432KC_GPIO.o
  disable_cs                 0x08001293          14      2  Code  Gb  STM32L432KC_SPI.o
  enable_cs                  0x08001285          14      2  Code  Gb  STM32L432KC_SPI.o
  exit                       0x08000FAF           2      4  Code  Gb  SEGGER_THUMB_Startup.o
  fputc                      0x08001337          34      2  Code  Wk  fileops.o (libc_v7em_fpv4_sp_d16_hard_t_le_eabi_balanced.a)
  fwrite                     0x08001359          46      2  Code  Wk  fileops.o (libc_v7em_fpv4_sp_d16_hard_t_le_eabi_balanced.a)
  getRandomNumber            0x080009ED          16      4  Code  Gb  random.o
  gpioEnable                 0x08000A1D          84      4  Code  Gb  STM32L432KC_GPIO.o
  gpioPinOffset              0x080014B3          16      2  Code  Gb  STM32L432KC_GPIO.o
  gpioPinToBase              0x08001267          30      2  Code  Gb  STM32L432KC_GPIO.o
  gpioPinToPort              0x08001259          14      2  Code  Gb  STM32L432KC_GPIO.o
  gpioPortToBase             0x08000A71          72      4  Code  Gb  STM32L432KC_GPIO.o
  id2Port                    0x08000E51          52      4  Code  Gb  STM32L432KC_USART.o
  initRandomGenerator        0x08000991          92      4  Code  Gb  random.o
  initSPI                    0x08000C21         200      4  Code  Gb  STM32L432KC_SPI.o
  initTIM                    0x08000DF5          92      4  Code  Gb  STM32L432KC_TIM.o
  initUSART                  0x08000E85         284      4  Code  Gb  STM32L432KC_USART.o
  keyboard_get_key_state     0x080007CD          48      4  Code  Gb  main.o
  keyboard_update_state      0x08000679         340      4  Code  Gb  main.o
  main                       0x080008C5         204      4  Code  Gb  main.o
  memcpy                     0x080011E1          92      4  Code  Wk  strasmops_arm.o (strops_unaligned_v7em_fpv4_sp_d16_hard_t_le_eabi_balanced.a)
  pinMode                    0x08000AB9         198      4  Code  Gb  STM32L432KC_GPIO.o
  putchar                    0x08001329          14      2  Code  Wk  fileops.o (libc_v7em_fpv4_sp_d16_hard_t_le_eabi_balanced.a)
  puts                       0x08001593          48      2  Code  Wk  fileops.o (libc_v7em_fpv4_sp_d16_hard_t_le_eabi_balanced.a)
  readChar                   0x08001563          24      2  Code  Gb  STM32L432KC_USART.o
  reset_handler              0x0800157B                  2  Code  Gb  STM32L4xx_Startup.o
  scanKeyboard               0x080007FD         200      4  Code  Gb  main.o
  spiSendReceive             0x08000CE9          76      4  Code  Gb  STM32L432KC_SPI.o
  strlen                     0x08001489          42      2  Code  Wk  strops.o (strops_unaligned_v7em_fpv4_sp_d16_hard_t_le_eabi_balanced.a)

Function symbols by address:

     Address  Symbol name                      Size  Align  Type  Bd  Object File
  ----------  -------------------------  ----------  -----  ----  --  -----------
  0x080001CD  SystemInit                         88      4  Code  Gb  system_stm32l4xx.o
  0x08000225  SystemCoreClockUpdate             340      4  Code  Gb  system_stm32l4xx.o
  0x08000379  decode_scancode                   768      4  Code  Lc  main.o
  0x08000679  keyboard_update_state             340      4  Code  Gb  main.o
  0x080007CD  keyboard_get_key_state             48      4  Code  Gb  main.o
  0x080007FD  scanKeyboard                      200      4  Code  Gb  main.o
  0x080008C5  main                              204      4  Code  Gb  main.o
  0x08000991  initRandomGenerator                92      4  Code  Gb  random.o
  0x080009ED  getRandomNumber                    16      4  Code  Gb  random.o
  0x080009FD  configureFlash                     32      4  Code  Gb  STM32L432KC_FLASH.o
  0x08000A1D  gpioEnable                         84      4  Code  Gb  STM32L432KC_GPIO.o
  0x08000A71  gpioPortToBase                     72      4  Code  Gb  STM32L432KC_GPIO.o
  0x08000AB9  pinMode                           198      4  Code  Gb  STM32L432KC_GPIO.o
  0x08000B81  configurePLL                      116      4  Code  Gb  STM32L432KC_RCC.o
  0x08000BF5  configureClock                     44      4  Code  Gb  STM32L432KC_RCC.o
  0x08000C21  initSPI                           200      4  Code  Gb  STM32L432KC_SPI.o
  0x08000CE9  spiSendReceive                     76      4  Code  Gb  STM32L432KC_SPI.o
  0x08000D35  configureSPIPins                  192      4  Code  Gb  STM32L432KC_SPI.o
  0x08000DF5  initTIM                            92      4  Code  Gb  STM32L432KC_TIM.o
  0x08000E51  id2Port                            52      4  Code  Gb  STM32L432KC_USART.o
  0x08000E85  initUSART                         284      4  Code  Gb  STM32L432KC_USART.o
  0x08000FA1  _start                             14      4  Code  Gb  SEGGER_THUMB_Startup.o
  0x08000FAB  __startup_complete                         4  Code  Gb  SEGGER_THUMB_Startup.o
  0x08000FAB  __SEGGER_init_done                         4  Code  Gb  SEGGER_THUMB_Startup.o
  0x08000FAF  exit                                2      4  Code  Gb  SEGGER_THUMB_Startup.o
  0x08000FB5  HardFault_Handler                          4  Code  Wk  STM32L4xx_Startup.o
  0x08000FDD  __aeabi_ddiv                      450      4  Code  Wk  floatasmops_arm.o (libc_v7em_fpv4_sp_d16_hard_t_le_eabi_balanced.a)
  0x080011A1  __aeabi_d2uiz                      36      4  Code  Wk  floatasmops_arm.o (libc_v7em_fpv4_sp_d16_hard_t_le_eabi_balanced.a)
  0x080011C5  __aeabi_ui2d                       28      4  Code  Wk  floatasmops_arm.o (libc_v7em_fpv4_sp_d16_hard_t_le_eabi_balanced.a)
  0x080011E1  memcpy                             92      4  Code  Wk  strasmops_arm.o (strops_unaligned_v7em_fpv4_sp_d16_hard_t_le_eabi_balanced.a)
  0x080011E1  __aeabi_memcpy                             4  Code  Wk  strasmops_arm.o (strops_unaligned_v7em_fpv4_sp_d16_hard_t_le_eabi_balanced.a)
  0x080011FF  __aeabi_memcpy8                            4  Code  Wk  strasmops_arm.o (strops_unaligned_v7em_fpv4_sp_d16_hard_t_le_eabi_balanced.a)
  0x080011FF  __aeabi_memcpy4                            4  Code  Wk  strasmops_arm.o (strops_unaligned_v7em_fpv4_sp_d16_hard_t_le_eabi_balanced.a)
  0x08001259  gpioPinToPort                      14      2  Code  Gb  STM32L432KC_GPIO.o
  0x08001267  gpioPinToBase                      30      2  Code  Gb  STM32L432KC_GPIO.o
  0x08001285  enable_cs                          14      2  Code  Gb  STM32L432KC_SPI.o
  0x08001293  disable_cs                         14      2  Code  Gb  STM32L432KC_SPI.o
  0x080012A1  NMI_Handler                                2  Code  Wk  stm32l432xx_Vectors.o
  0x080012A3  MemManage_Handler                          2  Code  Wk  stm32l432xx_Vectors.o
  0x080012A5  BusFault_Handler                           2  Code  Wk  stm32l432xx_Vectors.o
  0x080012A7  UsageFault_Handler                         2  Code  Wk  stm32l432xx_Vectors.o
  0x080012A9  SVC_Handler                                2  Code  Wk  stm32l432xx_Vectors.o
  0x080012AB  DebugMon_Handler                           2  Code  Wk  stm32l432xx_Vectors.o
  0x080012AD  PendSV_Handler                             2  Code  Wk  stm32l432xx_Vectors.o
  0x080012AF  SysTick_Handler                            2  Code  Wk  stm32l432xx_Vectors.o
  0x080012B1  WWDG_IRQHandler                            2  Code  Wk  stm32l432xx_Vectors.o
  0x080012B3  PVD_PVM_IRQHandler                         2  Code  Wk  stm32l432xx_Vectors.o
  0x080012B5  TAMP_STAMP_IRQHandler                      2  Code  Wk  stm32l432xx_Vectors.o
  0x080012B7  RTC_WKUP_IRQHandler                        2  Code  Wk  stm32l432xx_Vectors.o
  0x080012B9  FLASH_IRQHandler                           2  Code  Wk  stm32l432xx_Vectors.o
  0x080012BB  RCC_IRQHandler                             2  Code  Wk  stm32l432xx_Vectors.o
  0x080012BD  EXTI0_IRQHandler                           2  Code  Wk  stm32l432xx_Vectors.o
  0x080012BF  EXTI1_IRQHandler                           2  Code  Wk  stm32l432xx_Vectors.o
  0x080012C1  EXTI2_IRQHandler                           2  Code  Wk  stm32l432xx_Vectors.o
  0x080012C3  EXTI3_IRQHandler                           2  Code  Wk  stm32l432xx_Vectors.o
  0x080012C5  EXTI4_IRQHandler                           2  Code  Wk  stm32l432xx_Vectors.o
  0x080012C7  DMA1_Channel1_IRQHandler                   2  Code  Wk  stm32l432xx_Vectors.o
  0x080012C9  DMA1_Channel2_IRQHandler                   2  Code  Wk  stm32l432xx_Vectors.o
  0x080012CB  DMA1_Channel3_IRQHandler                   2  Code  Wk  stm32l432xx_Vectors.o
  0x080012CD  DMA1_Channel4_IRQHandler                   2  Code  Wk  stm32l432xx_Vectors.o
  0x080012CF  DMA1_Channel5_IRQHandler                   2  Code  Wk  stm32l432xx_Vectors.o
  0x080012D1  DMA1_Channel6_IRQHandler                   2  Code  Wk  stm32l432xx_Vectors.o
  0x080012D3  DMA1_Channel7_IRQHandler                   2  Code  Wk  stm32l432xx_Vectors.o
  0x080012D5  ADC1_IRQHandler                            2  Code  Wk  stm32l432xx_Vectors.o
  0x080012D7  CAN1_TX_IRQHandler                         2  Code  Wk  stm32l432xx_Vectors.o
  0x080012D9  CAN1_RX0_IRQHandler                        2  Code  Wk  stm32l432xx_Vectors.o
  0x080012DB  CAN1_RX1_IRQHandler                        2  Code  Wk  stm32l432xx_Vectors.o
  0x080012DD  CAN1_SCE_IRQHandler                        2  Code  Wk  stm32l432xx_Vectors.o
  0x080012DF  EXTI9_5_IRQHandler                         2  Code  Wk  stm32l432xx_Vectors.o
  0x080012E1  TIM1_BRK_TIM15_IRQHandler                  2  Code  Wk  stm32l432xx_Vectors.o
  0x080012E3  TIM1_UP_TIM16_IRQHandler                   2  Code  Wk  stm32l432xx_Vectors.o
  0x080012E5  TIM1_TRG_COM_IRQHandler                    2  Code  Wk  stm32l432xx_Vectors.o
  0x080012E7  TIM1_CC_IRQHandler                         2  Code  Wk  stm32l432xx_Vectors.o
  0x080012E9  TIM2_IRQHandler                            2  Code  Wk  stm32l432xx_Vectors.o
  0x080012EB  I2C1_EV_IRQHandler                         2  Code  Wk  stm32l432xx_Vectors.o
  0x080012ED  I2C1_ER_IRQHandler                         2  Code  Wk  stm32l432xx_Vectors.o
  0x080012EF  SPI1_IRQHandler                            2  Code  Wk  stm32l432xx_Vectors.o
  0x080012F1  USART1_IRQHandler                          2  Code  Wk  stm32l432xx_Vectors.o
  0x080012F3  USART2_IRQHandler                          2  Code  Wk  stm32l432xx_Vectors.o
  0x080012F5  EXTI15_10_IRQHandler                       2  Code  Wk  stm32l432xx_Vectors.o
  0x080012F7  RTC_Alarm_IRQHandler                       2  Code  Wk  stm32l432xx_Vectors.o
  0x080012F9  SPI3_IRQHandler                            2  Code  Wk  stm32l432xx_Vectors.o
  0x080012FB  TIM6_DAC_IRQHandler                        2  Code  Wk  stm32l432xx_Vectors.o
  0x080012FD  TIM7_IRQHandler                            2  Code  Wk  stm32l432xx_Vectors.o
  0x080012FF  DMA2_Channel1_IRQHandler                   2  Code  Wk  stm32l432xx_Vectors.o
  0x08001301  DMA2_Channel2_IRQHandler                   2  Code  Wk  stm32l432xx_Vectors.o
  0x08001303  DMA2_Channel3_IRQHandler                   2  Code  Wk  stm32l432xx_Vectors.o
  0x08001305  DMA2_Channel4_IRQHandler                   2  Code  Wk  stm32l432xx_Vectors.o
  0x08001307  DMA2_Channel5_IRQHandler                   2  Code  Wk  stm32l432xx_Vectors.o
  0x08001309  COMP_IRQHandler                            2  Code  Wk  stm32l432xx_Vectors.o
  0x0800130B  LPTIM1_IRQHandler                          2  Code  Wk  stm32l432xx_Vectors.o
  0x0800130D  LPTIM2_IRQHandler                          2  Code  Wk  stm32l432xx_Vectors.o
  0x0800130F  USB_IRQHandler                             2  Code  Wk  stm32l432xx_Vectors.o
  0x08001311  DMA2_Channel6_IRQHandler                   2  Code  Wk  stm32l432xx_Vectors.o
  0x08001313  DMA2_Channel7_IRQHandler                   2  Code  Wk  stm32l432xx_Vectors.o
  0x08001315  LPUART1_IRQHandler                         2  Code  Wk  stm32l432xx_Vectors.o
  0x08001317  QUADSPI_IRQHandler                         2  Code  Wk  stm32l432xx_Vectors.o
  0x08001319  I2C3_EV_IRQHandler                         2  Code  Wk  stm32l432xx_Vectors.o
  0x0800131B  I2C3_ER_IRQHandler                         2  Code  Wk  stm32l432xx_Vectors.o
  0x0800131D  SAI1_IRQHandler                            2  Code  Wk  stm32l432xx_Vectors.o
  0x0800131F  SWPMI1_IRQHandler                          2  Code  Wk  stm32l432xx_Vectors.o
  0x08001321  TSC_IRQHandler                             2  Code  Wk  stm32l432xx_Vectors.o
  0x08001323  RNG_IRQHandler                             2  Code  Wk  stm32l432xx_Vectors.o
  0x08001325  FPU_IRQHandler                             2  Code  Wk  stm32l432xx_Vectors.o
  0x08001327  CRS_IRQHandler                             2  Code  Wk  stm32l432xx_Vectors.o
  0x08001329  putchar                            14      2  Code  Wk  fileops.o (libc_v7em_fpv4_sp_d16_hard_t_le_eabi_balanced.a)
  0x08001337  fputc                              34      2  Code  Wk  fileops.o (libc_v7em_fpv4_sp_d16_hard_t_le_eabi_balanced.a)
  0x08001359  fwrite                             46      2  Code  Wk  fileops.o (libc_v7em_fpv4_sp_d16_hard_t_le_eabi_balanced.a)
  0x08001387  __SEGGER_RTL_X_file_write           6      2  Code  Gb  prinops_rtt.o (prinops_rtt_v7em_fpv4_sp_d16_hard_t_le_eabi_balanced.a)
  0x0800138D  _GetAvailWriteSpace                22      2  Code  Lc  SEGGER_RTT.o (prinops_rtt_v7em_fpv4_sp_d16_hard_t_le_eabi_balanced.a)
  0x080013A3  _WriteBlocking                     86      2  Code  Lc  SEGGER_RTT.o (prinops_rtt_v7em_fpv4_sp_d16_hard_t_le_eabi_balanced.a)
  0x080013F9  SEGGER_RTT_WriteNoLock             90      2  Code  Gb  SEGGER_RTT.o (prinops_rtt_v7em_fpv4_sp_d16_hard_t_le_eabi_balanced.a)
  0x08001453  SEGGER_RTT_Write                   54      2  Code  Gb  SEGGER_RTT.o (prinops_rtt_v7em_fpv4_sp_d16_hard_t_le_eabi_balanced.a)
  0x08001489  strlen                             42      2  Code  Wk  strops.o (strops_unaligned_v7em_fpv4_sp_d16_hard_t_le_eabi_balanced.a)
  0x080014B3  gpioPinOffset                      16      2  Code  Gb  STM32L432KC_GPIO.o
  0x080014C3  digitalWrite                       84      2  Code  Gb  STM32L432KC_GPIO.o
  0x08001517  begin_timer                        48      2  Code  Gb  STM32L432KC_TIM.o
  0x08001547  check_timer                        28      2  Code  Gb  STM32L432KC_TIM.o
  0x08001563  readChar                           24      2  Code  Gb  STM32L432KC_USART.o
  0x0800157B  reset_handler                              2  Code  Gb  STM32L4xx_Startup.o
  0x0800157B  Reset_Handler                              2  Code  Gb  STM32L4xx_Startup.o
  0x08001593  puts                               48      2  Code  Wk  fileops.o (libc_v7em_fpv4_sp_d16_hard_t_le_eabi_balanced.a)
  0x080015C3  __SEGGER_RTL_X_file_stat           56      2  Code  Gb  prinops_rtt.o (prinops_rtt_v7em_fpv4_sp_d16_hard_t_le_eabi_balanced.a)
  0x080015FB  _DoInit                           100      2  Code  Lc  SEGGER_RTT.o (prinops_rtt_v7em_fpv4_sp_d16_hard_t_le_eabi_balanced.a)
  0x0800165F  _WriteNoCheck                      68      2  Code  Lc  SEGGER_RTT.o (prinops_rtt_v7em_fpv4_sp_d16_hard_t_le_eabi_balanced.a)
  0x080016B1  __SEGGER_init_ctors                26      4  Code  Wk  SEGGER_crtinit.o (SEGGER_crtinit_v7em_fpv4_sp_d16_hard_t_le_eabi_balanced.a)
  0x08001709  __SEGGER_init_zero                 18      2  Code  Wk  SEGGER_crtinit.o (SEGGER_crtinit_v7em_fpv4_sp_d16_hard_t_le_eabi_balanced.a)
  0x0800171B  __SEGGER_init_copy                 20      2  Code  Wk  SEGGER_crtinit.o (SEGGER_crtinit_v7em_fpv4_sp_d16_hard_t_le_eabi_balanced.a)

Function symbols by descending size:

  Symbol name                      Size  Align  Type  Bd  Object File
  -------------------------  ----------  -----  ----  --  -----------
  decode_scancode                   768      4  Code  Lc  main.o
  __aeabi_ddiv                      450      4  Code  Wk  floatasmops_arm.o (libc_v7em_fpv4_sp_d16_hard_t_le_eabi_balanced.a)
  SystemCoreClockUpdate             340      4  Code  Gb  system_stm32l4xx.o
  keyboard_update_state             340      4  Code  Gb  main.o
  initUSART                         284      4  Code  Gb  STM32L432KC_USART.o
  main                              204      4  Code  Gb  main.o
  initSPI                           200      4  Code  Gb  STM32L432KC_SPI.o
  scanKeyboard                      200      4  Code  Gb  main.o
  pinMode                           198      4  Code  Gb  STM32L432KC_GPIO.o
  configureSPIPins                  192      4  Code  Gb  STM32L432KC_SPI.o
  configurePLL                      116      4  Code  Gb  STM32L432KC_RCC.o
  _DoInit                           100      2  Code  Lc  SEGGER_RTT.o (prinops_rtt_v7em_fpv4_sp_d16_hard_t_le_eabi_balanced.a)
  initRandomGenerator                92      4  Code  Gb  random.o
  initTIM                            92      4  Code  Gb  STM32L432KC_TIM.o
  memcpy                             92      4  Code  Wk  strasmops_arm.o (strops_unaligned_v7em_fpv4_sp_d16_hard_t_le_eabi_balanced.a)
  SEGGER_RTT_WriteNoLock             90      2  Code  Gb  SEGGER_RTT.o (prinops_rtt_v7em_fpv4_sp_d16_hard_t_le_eabi_balanced.a)
  SystemInit                         88      4  Code  Gb  system_stm32l4xx.o
  _WriteBlocking                     86      2  Code  Lc  SEGGER_RTT.o (prinops_rtt_v7em_fpv4_sp_d16_hard_t_le_eabi_balanced.a)
  digitalWrite                       84      2  Code  Gb  STM32L432KC_GPIO.o
  gpioEnable                         84      4  Code  Gb  STM32L432KC_GPIO.o
  spiSendReceive                     76      4  Code  Gb  STM32L432KC_SPI.o
  gpioPortToBase                     72      4  Code  Gb  STM32L432KC_GPIO.o
  _WriteNoCheck                      68      2  Code  Lc  SEGGER_RTT.o (prinops_rtt_v7em_fpv4_sp_d16_hard_t_le_eabi_balanced.a)
  __SEGGER_RTL_X_file_stat           56      2  Code  Gb  prinops_rtt.o (prinops_rtt_v7em_fpv4_sp_d16_hard_t_le_eabi_balanced.a)
  SEGGER_RTT_Write                   54      2  Code  Gb  SEGGER_RTT.o (prinops_rtt_v7em_fpv4_sp_d16_hard_t_le_eabi_balanced.a)
  id2Port                            52      4  Code  Gb  STM32L432KC_USART.o
  begin_timer                        48      2  Code  Gb  STM32L432KC_TIM.o
  keyboard_get_key_state             48      4  Code  Gb  main.o
  puts                               48      2  Code  Wk  fileops.o (libc_v7em_fpv4_sp_d16_hard_t_le_eabi_balanced.a)
  fwrite                             46      2  Code  Wk  fileops.o (libc_v7em_fpv4_sp_d16_hard_t_le_eabi_balanced.a)
  configureClock                     44      4  Code  Gb  STM32L432KC_RCC.o
  strlen                             42      2  Code  Wk  strops.o (strops_unaligned_v7em_fpv4_sp_d16_hard_t_le_eabi_balanced.a)
  __aeabi_d2uiz                      36      4  Code  Wk  floatasmops_arm.o (libc_v7em_fpv4_sp_d16_hard_t_le_eabi_balanced.a)
  fputc                              34      2  Code  Wk  fileops.o (libc_v7em_fpv4_sp_d16_hard_t_le_eabi_balanced.a)
  configureFlash                     32      4  Code  Gb  STM32L432KC_FLASH.o
  gpioPinToBase                      30      2  Code  Gb  STM32L432KC_GPIO.o
  __aeabi_ui2d                       28      4  Code  Wk  floatasmops_arm.o (libc_v7em_fpv4_sp_d16_hard_t_le_eabi_balanced.a)
  check_timer                        28      2  Code  Gb  STM32L432KC_TIM.o
  __SEGGER_init_ctors                26      4  Code  Wk  SEGGER_crtinit.o (SEGGER_crtinit_v7em_fpv4_sp_d16_hard_t_le_eabi_balanced.a)
  readChar                           24      2  Code  Gb  STM32L432KC_USART.o
  _GetAvailWriteSpace                22      2  Code  Lc  SEGGER_RTT.o (prinops_rtt_v7em_fpv4_sp_d16_hard_t_le_eabi_balanced.a)
  __SEGGER_init_copy                 20      2  Code  Wk  SEGGER_crtinit.o (SEGGER_crtinit_v7em_fpv4_sp_d16_hard_t_le_eabi_balanced.a)
  __SEGGER_init_zero                 18      2  Code  Wk  SEGGER_crtinit.o (SEGGER_crtinit_v7em_fpv4_sp_d16_hard_t_le_eabi_balanced.a)
  getRandomNumber                    16      4  Code  Gb  random.o
  gpioPinOffset                      16      2  Code  Gb  STM32L432KC_GPIO.o
  _start                             14      4  Code  Gb  SEGGER_THUMB_Startup.o
  disable_cs                         14      2  Code  Gb  STM32L432KC_SPI.o
  enable_cs                          14      2  Code  Gb  STM32L432KC_SPI.o
  gpioPinToPort                      14      2  Code  Gb  STM32L432KC_GPIO.o
  putchar                            14      2  Code  Wk  fileops.o (libc_v7em_fpv4_sp_d16_hard_t_le_eabi_balanced.a)
  __SEGGER_RTL_X_file_write           6      2  Code  Gb  prinops_rtt.o (prinops_rtt_v7em_fpv4_sp_d16_hard_t_le_eabi_balanced.a)
  exit                                2      4  Code  Gb  SEGGER_THUMB_Startup.o
  ADC1_IRQHandler                            2  Code  Wk  stm32l432xx_Vectors.o
  BusFault_Handler                           2  Code  Wk  stm32l432xx_Vectors.o
  CAN1_RX0_IRQHandler                        2  Code  Wk  stm32l432xx_Vectors.o
  CAN1_RX1_IRQHandler                        2  Code  Wk  stm32l432xx_Vectors.o
  CAN1_SCE_IRQHandler                        2  Code  Wk  stm32l432xx_Vectors.o
  CAN1_TX_IRQHandler                         2  Code  Wk  stm32l432xx_Vectors.o
  COMP_IRQHandler                            2  Code  Wk  stm32l432xx_Vectors.o
  CRS_IRQHandler                             2  Code  Wk  stm32l432xx_Vectors.o
  DMA1_Channel1_IRQHandler                   2  Code  Wk  stm32l432xx_Vectors.o
  DMA1_Channel2_IRQHandler                   2  Code  Wk  stm32l432xx_Vectors.o
  DMA1_Channel3_IRQHandler                   2  Code  Wk  stm32l432xx_Vectors.o
  DMA1_Channel4_IRQHandler                   2  Code  Wk  stm32l432xx_Vectors.o
  DMA1_Channel5_IRQHandler                   2  Code  Wk  stm32l432xx_Vectors.o
  DMA1_Channel6_IRQHandler                   2  Code  Wk  stm32l432xx_Vectors.o
  DMA1_Channel7_IRQHandler                   2  Code  Wk  stm32l432xx_Vectors.o
  DMA2_Channel1_IRQHandler                   2  Code  Wk  stm32l432xx_Vectors.o
  DMA2_Channel2_IRQHandler                   2  Code  Wk  stm32l432xx_Vectors.o
  DMA2_Channel3_IRQHandler                   2  Code  Wk  stm32l432xx_Vectors.o
  DMA2_Channel4_IRQHandler                   2  Code  Wk  stm32l432xx_Vectors.o
  DMA2_Channel5_IRQHandler                   2  Code  Wk  stm32l432xx_Vectors.o
  DMA2_Channel6_IRQHandler                   2  Code  Wk  stm32l432xx_Vectors.o
  DMA2_Channel7_IRQHandler                   2  Code  Wk  stm32l432xx_Vectors.o
  DebugMon_Handler                           2  Code  Wk  stm32l432xx_Vectors.o
  EXTI0_IRQHandler                           2  Code  Wk  stm32l432xx_Vectors.o
  EXTI15_10_IRQHandler                       2  Code  Wk  stm32l432xx_Vectors.o
  EXTI1_IRQHandler                           2  Code  Wk  stm32l432xx_Vectors.o
  EXTI2_IRQHandler                           2  Code  Wk  stm32l432xx_Vectors.o
  EXTI3_IRQHandler                           2  Code  Wk  stm32l432xx_Vectors.o
  EXTI4_IRQHandler                           2  Code  Wk  stm32l432xx_Vectors.o
  EXTI9_5_IRQHandler                         2  Code  Wk  stm32l432xx_Vectors.o
  FLASH_IRQHandler                           2  Code  Wk  stm32l432xx_Vectors.o
  FPU_IRQHandler                             2  Code  Wk  stm32l432xx_Vectors.o
  HardFault_Handler                          4  Code  Wk  STM32L4xx_Startup.o
  I2C1_ER_IRQHandler                         2  Code  Wk  stm32l432xx_Vectors.o
  I2C1_EV_IRQHandler                         2  Code  Wk  stm32l432xx_Vectors.o
  I2C3_ER_IRQHandler                         2  Code  Wk  stm32l432xx_Vectors.o
  I2C3_EV_IRQHandler                         2  Code  Wk  stm32l432xx_Vectors.o
  LPTIM1_IRQHandler                          2  Code  Wk  stm32l432xx_Vectors.o
  LPTIM2_IRQHandler                          2  Code  Wk  stm32l432xx_Vectors.o
  LPUART1_IRQHandler                         2  Code  Wk  stm32l432xx_Vectors.o
  MemManage_Handler                          2  Code  Wk  stm32l432xx_Vectors.o
  NMI_Handler                                2  Code  Wk  stm32l432xx_Vectors.o
  PVD_PVM_IRQHandler                         2  Code  Wk  stm32l432xx_Vectors.o
  PendSV_Handler                             2  Code  Wk  stm32l432xx_Vectors.o
  QUADSPI_IRQHandler                         2  Code  Wk  stm32l432xx_Vectors.o
  RCC_IRQHandler                             2  Code  Wk  stm32l432xx_Vectors.o
  RNG_IRQHandler                             2  Code  Wk  stm32l432xx_Vectors.o
  RTC_Alarm_IRQHandler                       2  Code  Wk  stm32l432xx_Vectors.o
  RTC_WKUP_IRQHandler                        2  Code  Wk  stm32l432xx_Vectors.o
  Reset_Handler                              2  Code  Gb  STM32L4xx_Startup.o
  SAI1_IRQHandler                            2  Code  Wk  stm32l432xx_Vectors.o
  SPI1_IRQHandler                            2  Code  Wk  stm32l432xx_Vectors.o
  SPI3_IRQHandler                            2  Code  Wk  stm32l432xx_Vectors.o
  SVC_Handler                                2  Code  Wk  stm32l432xx_Vectors.o
  SWPMI1_IRQHandler                          2  Code  Wk  stm32l432xx_Vectors.o
  SysTick_Handler                            2  Code  Wk  stm32l432xx_Vectors.o
  TAMP_STAMP_IRQHandler                      2  Code  Wk  stm32l432xx_Vectors.o
  TIM1_BRK_TIM15_IRQHandler                  2  Code  Wk  stm32l432xx_Vectors.o
  TIM1_CC_IRQHandler                         2  Code  Wk  stm32l432xx_Vectors.o
  TIM1_TRG_COM_IRQHandler                    2  Code  Wk  stm32l432xx_Vectors.o
  TIM1_UP_TIM16_IRQHandler                   2  Code  Wk  stm32l432xx_Vectors.o
  TIM2_IRQHandler                            2  Code  Wk  stm32l432xx_Vectors.o
  TIM6_DAC_IRQHandler                        2  Code  Wk  stm32l432xx_Vectors.o
  TIM7_IRQHandler                            2  Code  Wk  stm32l432xx_Vectors.o
  TSC_IRQHandler                             2  Code  Wk  stm32l432xx_Vectors.o
  USART1_IRQHandler                          2  Code  Wk  stm32l432xx_Vectors.o
  USART2_IRQHandler                          2  Code  Wk  stm32l432xx_Vectors.o
  USB_IRQHandler                             2  Code  Wk  stm32l432xx_Vectors.o
  UsageFault_Handler                         2  Code  Wk  stm32l432xx_Vectors.o
  WWDG_IRQHandler                            2  Code  Wk  stm32l432xx_Vectors.o
  __SEGGER_init_done                         4  Code  Gb  SEGGER_THUMB_Startup.o
  __aeabi_memcpy                             4  Code  Wk  strasmops_arm.o (strops_unaligned_v7em_fpv4_sp_d16_hard_t_le_eabi_balanced.a)
  __aeabi_memcpy4                            4  Code  Wk  strasmops_arm.o (strops_unaligned_v7em_fpv4_sp_d16_hard_t_le_eabi_balanced.a)
  __aeabi_memcpy8                            4  Code  Wk  strasmops_arm.o (strops_unaligned_v7em_fpv4_sp_d16_hard_t_le_eabi_balanced.a)
  __startup_complete                         4  Code  Gb  SEGGER_THUMB_Startup.o
  reset_handler                              2  Code  Gb  STM32L4xx_Startup.o

Read-write data symbols by name:

  Symbol name                   Address        Size  Align  Type  Bd  Object File
  -------------------------  ----------  ----------  -----  ----  --  -----------
  SystemCoreClock            0x10000558           4      4  Init  Gb  system_stm32l4xx.o
  USART                      0x10000134           4      4  Zero  Gb  main.o
  _SEGGER_RTT                0x10000000         168      4  Zero  Gb  SEGGER_RTT.o (prinops_rtt_v7em_fpv4_sp_d16_hard_t_le_eabi_balanced.a)
  __SEGGER_RTL_stderr_file   0x10000130           4      4  Zero  Lc  prinops_rtt.o (prinops_rtt_v7em_fpv4_sp_d16_hard_t_le_eabi_balanced.a)
  __SEGGER_RTL_stdin_file    0x1000012C           4      4  Zero  Lc  prinops_rtt.o (prinops_rtt_v7em_fpv4_sp_d16_hard_t_le_eabi_balanced.a)
  __SEGGER_RTL_stdout_file   0x10000128           4      4  Zero  Lc  prinops_rtt.o (prinops_rtt_v7em_fpv4_sp_d16_hard_t_le_eabi_balanced.a)
  _acDownBuffer              0x1000053B          16         Zero  Lc  SEGGER_RTT.o (prinops_rtt_v7em_fpv4_sp_d16_hard_t_le_eabi_balanced.a)
  _acUpBuffer                0x1000013B       1 024         Zero  Lc  SEGGER_RTT.o (prinops_rtt_v7em_fpv4_sp_d16_hard_t_le_eabi_balanced.a)
  g_keyboard_state           0x100000A8         128      4  Zero  Gb  main.o
  request                    0x10000138           3      4  Zero  Gb  main.o
  stderr                     0x10000554           4      4  Init  Gb  prinops_rtt.o (prinops_rtt_v7em_fpv4_sp_d16_hard_t_le_eabi_balanced.a)
  stdin                      0x10000550           4      4  Init  Gb  prinops_rtt.o (prinops_rtt_v7em_fpv4_sp_d16_hard_t_le_eabi_balanced.a)
  stdout                     0x1000054C           4      4  Init  Gb  prinops_rtt.o (prinops_rtt_v7em_fpv4_sp_d16_hard_t_le_eabi_balanced.a)

Read-write data symbols by address:

     Address  Symbol name                      Size  Align  Type  Bd  Object File
  ----------  -------------------------  ----------  -----  ----  --  -----------
  0x10000000  _SEGGER_RTT                       168      4  Zero  Gb  SEGGER_RTT.o (prinops_rtt_v7em_fpv4_sp_d16_hard_t_le_eabi_balanced.a)
  0x100000A8  g_keyboard_state                  128      4  Zero  Gb  main.o
  0x10000128  __SEGGER_RTL_stdout_file            4      4  Zero  Lc  prinops_rtt.o (prinops_rtt_v7em_fpv4_sp_d16_hard_t_le_eabi_balanced.a)
  0x1000012C  __SEGGER_RTL_stdin_file             4      4  Zero  Lc  prinops_rtt.o (prinops_rtt_v7em_fpv4_sp_d16_hard_t_le_eabi_balanced.a)
  0x10000130  __SEGGER_RTL_stderr_file            4      4  Zero  Lc  prinops_rtt.o (prinops_rtt_v7em_fpv4_sp_d16_hard_t_le_eabi_balanced.a)
  0x10000134  USART                               4      4  Zero  Gb  main.o
  0x10000138  request                             3      4  Zero  Gb  main.o
  0x1000013B  _acUpBuffer                     1 024         Zero  Lc  SEGGER_RTT.o (prinops_rtt_v7em_fpv4_sp_d16_hard_t_le_eabi_balanced.a)
  0x1000053B  _acDownBuffer                      16         Zero  Lc  SEGGER_RTT.o (prinops_rtt_v7em_fpv4_sp_d16_hard_t_le_eabi_balanced.a)
  0x1000054C  stdout                              4      4  Init  Gb  prinops_rtt.o (prinops_rtt_v7em_fpv4_sp_d16_hard_t_le_eabi_balanced.a)
  0x10000550  stdin                               4      4  Init  Gb  prinops_rtt.o (prinops_rtt_v7em_fpv4_sp_d16_hard_t_le_eabi_balanced.a)
  0x10000554  stderr                              4      4  Init  Gb  prinops_rtt.o (prinops_rtt_v7em_fpv4_sp_d16_hard_t_le_eabi_balanced.a)
  0x10000558  SystemCoreClock                     4      4  Init  Gb  system_stm32l4xx.o

Read-write data symbols by descending size:

  Symbol name                      Size  Align  Type  Bd  Object File
  -------------------------  ----------  -----  ----  --  -----------
  _acUpBuffer                     1 024         Zero  Lc  SEGGER_RTT.o (prinops_rtt_v7em_fpv4_sp_d16_hard_t_le_eabi_balanced.a)
  _SEGGER_RTT                       168      4  Zero  Gb  SEGGER_RTT.o (prinops_rtt_v7em_fpv4_sp_d16_hard_t_le_eabi_balanced.a)
  g_keyboard_state                  128      4  Zero  Gb  main.o
  _acDownBuffer                      16         Zero  Lc  SEGGER_RTT.o (prinops_rtt_v7em_fpv4_sp_d16_hard_t_le_eabi_balanced.a)
  SystemCoreClock                     4      4  Init  Gb  system_stm32l4xx.o
  USART                               4      4  Zero  Gb  main.o
  __SEGGER_RTL_stderr_file            4      4  Zero  Lc  prinops_rtt.o (prinops_rtt_v7em_fpv4_sp_d16_hard_t_le_eabi_balanced.a)
  __SEGGER_RTL_stdin_file             4      4  Zero  Lc  prinops_rtt.o (prinops_rtt_v7em_fpv4_sp_d16_hard_t_le_eabi_balanced.a)
  __SEGGER_RTL_stdout_file            4      4  Zero  Lc  prinops_rtt.o (prinops_rtt_v7em_fpv4_sp_d16_hard_t_le_eabi_balanced.a)
  stderr                              4      4  Init  Gb  prinops_rtt.o (prinops_rtt_v7em_fpv4_sp_d16_hard_t_le_eabi_balanced.a)
  stdin                               4      4  Init  Gb  prinops_rtt.o (prinops_rtt_v7em_fpv4_sp_d16_hard_t_le_eabi_balanced.a)
  stdout                              4      4  Init  Gb  prinops_rtt.o (prinops_rtt_v7em_fpv4_sp_d16_hard_t_le_eabi_balanced.a)
  request                             3      4  Zero  Gb  main.o

Read-only data symbols by name:

  Symbol name                   Address        Size  Align  Type  Bd  Object File
  -------------------------  ----------  ----------  -----  ----  --  -----------
  AHBPrescTable              0x0800018C          16      4  Cnst  Gb  system_stm32l4xx.o
  MSIRangeTable              0x0800019C          48      4  Cnst  Gb  system_stm32l4xx.o
  _DoInit._aInitStr          0x08001247          17         Cnst  Lc  SEGGER_RTT.o (prinops_rtt_v7em_fpv4_sp_d16_hard_t_le_eabi_balanced.a)
  __SEGGER_init_data__       0x080016F8        [16]      4  Cnst  Lc  [ Linker created ]
  __SEGGER_init_table__      0x080016D4        [36]      4  Cnst  Lc  [ Linker created ]

Read-only data symbols by address:

     Address  Symbol name                      Size  Align  Type  Bd  Object File
  ----------  -------------------------  ----------  -----  ----  --  -----------
  0x0800018C  AHBPrescTable                      16      4  Cnst  Gb  system_stm32l4xx.o
  0x0800019C  MSIRangeTable                      48      4  Cnst  Gb  system_stm32l4xx.o
  0x08001247  _DoInit._aInitStr                  17         Cnst  Lc  SEGGER_RTT.o (prinops_rtt_v7em_fpv4_sp_d16_hard_t_le_eabi_balanced.a)
  0x080016D4  __SEGGER_init_table__            [36]      4  Cnst  Lc  [ Linker created ]
  0x080016F8  __SEGGER_init_data__             [16]      4  Cnst  Lc  [ Linker created ]

Untyped symbols by name:

  Symbol name                     Value        Size  Align  Type  Bd  Object File
  -------------------------  ----------  ----------  -----  ----  --  -----------
  __FLASH1_segment_end__     0x08040000                     ----  Gb  [ Linker created ]
  __FLASH1_segment_size__    0x00040000                     ----  Gb  [ Linker created ]
  __FLASH1_segment_start__   0x08000000                     ----  Gb  [ Linker created ]
  __FLASH1_segment_used_end__
                             0x0800172E                     ----  Gb  [ Linker created ]
  __FLASH1_segment_used_size__
                             0x0000172E                     ----  Gb  [ Linker created ]
  __FLASH1_segment_used_start__
                             0x08000000                     ----  Gb  [ Linker created ]
  __FLASH_segment_end__      0x08040000                     ----  Gb  [ Linker created ]
  __FLASH_segment_size__     0x00040000                     ----  Gb  [ Linker created ]
  __FLASH_segment_start__    0x08000000                     ----  Gb  [ Linker created ]
  __FLASH_segment_used_end__
                             0x0800172E                     ----  Gb  [ Linker created ]
  __FLASH_segment_used_size__
                             0x0000172E                     ----  Gb  [ Linker created ]
  __FLASH_segment_used_start__
                             0x08000000                     ----  Gb  [ Linker created ]
  __HEAPSIZE__               0x00000400                     ----  Gb  [ Linker created ]
  __RAM1_segment_end__       0x10004000                     ----  Gb  [ Linker created ]
  __RAM1_segment_size__      0x00004000                     ----  Gb  [ Linker created ]
  __RAM1_segment_start__     0x10000000                     ----  Gb  [ Linker created ]
  __RAM1_segment_used_end__  0x1000055C                     ----  Gb  [ Linker created ]
  __RAM1_segment_used_size__
                             0x0000055C                     ----  Gb  [ Linker created ]
  __RAM1_segment_used_start__
                             0x10000000                     ----  Gb  [ Linker created ]
  __RAM2_segment_end__       0x2000C000                     ----  Gb  [ Linker created ]
  __RAM2_segment_size__      0x0000C000                     ----  Gb  [ Linker created ]
  __RAM2_segment_start__     0x20000000                     ----  Gb  [ Linker created ]
  __RAM2_segment_used_end__  0x2000C000                     ----  Gb  [ Linker created ]
  __RAM2_segment_used_size__
                             0x00000800                     ----  Gb  [ Linker created ]
  __RAM2_segment_used_start__
                             0x2000B800                     ----  Gb  [ Linker created ]
  __RAM_segment_end__        0x2000C000                     ----  Gb  [ Linker created ]
  __RAM_segment_size__       0x1000C000                     ----  Gb  [ Linker created ]
  __RAM_segment_start__      0x10000000                     ----  Gb  [ Linker created ]
  __RAM_segment_used_end__   0x2000C000                     ----  Gb  [ Linker created ]
  __RAM_segment_used_size__  0x1000C000                     ----  Gb  [ Linker created ]
  __RAM_segment_used_start__
                             0x10000000                     ----  Gb  [ Linker created ]
  __STACKSIZE_PROCESS__      0x00000000                     ----  Gb  [ Linker created ]
  __STACKSIZE__              0x00000800                     ----  Gb  [ Linker created ]
  __ctors_end__              0x080016B0                     ----  Gb  [ Linker created ]
  __ctors_start__            0x080016AC                     ----  Gb  [ Linker created ]
  __stack_end__              0x2000C000                     ----  Gb  [ Linker created ]
  __thread_pointer$          0x00000000                     ----  Gb  [ Linker created ]
  _vectors                   0x08000000       [396]    512  Code  Gb  stm32l432xx_Vectors.o
  _vectors_end               0x0800018C                512  Code  Lc  stm32l432xx_Vectors.o

Untyped symbols by address:

       Value  Symbol name                      Size  Align  Type  Bd  Object File
  ----------  -------------------------  ----------  -----  ----  --  -----------
  0x00000000  __thread_pointer$                             ----  Gb  [ Linker created ]
  0x00000000  __STACKSIZE_PROCESS__                         ----  Gb  [ Linker created ]
  0x00000400  __HEAPSIZE__                                  ----  Gb  [ Linker created ]
  0x0000055C  __RAM1_segment_used_size__
                                                            ----  Gb  [ Linker created ]
  0x00000800  __STACKSIZE__                                 ----  Gb  [ Linker created ]
  0x00000800  __RAM2_segment_used_size__
                                                            ----  Gb  [ Linker created ]
  0x0000172E  __FLASH_segment_used_size__
                                                            ----  Gb  [ Linker created ]
  0x0000172E  __FLASH1_segment_used_size__
                                                            ----  Gb  [ Linker created ]
  0x00004000  __RAM1_segment_size__                         ----  Gb  [ Linker created ]
  0x0000C000  __RAM2_segment_size__                         ----  Gb  [ Linker created ]
  0x00040000  __FLASH_segment_size__                        ----  Gb  [ Linker created ]
  0x00040000  __FLASH1_segment_size__                       ----  Gb  [ Linker created ]
  0x08000000  _vectors                        [396]    512  Code  Gb  stm32l432xx_Vectors.o
  0x08000000  __FLASH_segment_used_start__
                                                            ----  Gb  [ Linker created ]
  0x08000000  __FLASH_segment_start__                       ----  Gb  [ Linker created ]
  0x08000000  __FLASH1_segment_used_start__
                                                            ----  Gb  [ Linker created ]
  0x08000000  __FLASH1_segment_start__                      ----  Gb  [ Linker created ]
  0x0800018C  _vectors_end                             512  Code  Lc  stm32l432xx_Vectors.o
  0x080016AC  __ctors_start__                               ----  Gb  [ Linker created ]
  0x080016B0  __ctors_end__                                 ----  Gb  [ Linker created ]
  0x0800172E  __FLASH_segment_used_end__
                                                            ----  Gb  [ Linker created ]
  0x0800172E  __FLASH1_segment_used_end__
                                                            ----  Gb  [ Linker created ]
  0x08040000  __FLASH_segment_end__                         ----  Gb  [ Linker created ]
  0x08040000  __FLASH1_segment_end__                        ----  Gb  [ Linker created ]
  0x10000000  __RAM_segment_used_start__
                                                            ----  Gb  [ Linker created ]
  0x10000000  __RAM_segment_start__                         ----  Gb  [ Linker created ]
  0x10000000  __RAM1_segment_used_start__
                                                            ----  Gb  [ Linker created ]
  0x10000000  __RAM1_segment_start__                        ----  Gb  [ Linker created ]
  0x1000055C  __RAM1_segment_used_end__                     ----  Gb  [ Linker created ]
  0x10004000  __RAM1_segment_end__                          ----  Gb  [ Linker created ]
  0x1000C000  __RAM_segment_used_size__                     ----  Gb  [ Linker created ]
  0x1000C000  __RAM_segment_size__                          ----  Gb  [ Linker created ]
  0x20000000  __RAM2_segment_start__                        ----  Gb  [ Linker created ]
  0x2000B800  __RAM2_segment_used_start__
                                                            ----  Gb  [ Linker created ]
  0x2000C000  __stack_end__                                 ----  Gb  [ Linker created ]
  0x2000C000  __RAM_segment_used_end__                      ----  Gb  [ Linker created ]
  0x2000C000  __RAM_segment_end__                           ----  Gb  [ Linker created ]
  0x2000C000  __RAM2_segment_used_end__                     ----  Gb  [ Linker created ]
  0x2000C000  __RAM2_segment_end__                          ----  Gb  [ Linker created ]


***********************************************************************************************
***                                                                                         ***
***                                      LINK SUMMARY                                       ***
***                                                                                         ***
***********************************************************************************************

Memory breakdown:

    5 776 bytes read-only  code    + 
      153 bytes read-only  data    =   5 929 bytes read-only (total)
    3 419 bytes read-write data

Region summary:

  Name        Range                     Size                 Used               Unused       Alignment Loss
  ----------  -----------------  -----------  -------------------  -------------------  -------------------
  FLASH       08000000-0803ffff      262 144        5 933   2.26%      256 211  97.74%            0   0.00%
  RAM1        10000000-10003fff       16 384        1 371   8.37%       15 013  91.63%            0   0.00%
  RAM2        20000000-2000bfff       49 152        2 048   4.17%       47 104  95.83%            0   0.00%

Link complete: 0 errors, 0 warnings, 0 remarks
